test.1: threading success
test.2: threading success
