warning: file 06_Variablenprodukte.C.cmpl line 25: Product of variables 'rx * ry': both are real variables, no exact product is possible
