warning (module interpret: remodeling): product of real optimization variables rx and ry can only be approximated; at 07_Variablenprodukte.cmpl:29.10-14
