Einfache for-Schleife
1
2
3
while-Schleife
1
2
3
4
for-Schleife, die mehrfach gestartet wird
1: 1
2: 1
3: 1
4: 2
5: 3
Aussere while-Schleife mit innerer for-Schleife
1: 1
1: 2
1: 3
2: 1
2: 2
2: 3
3: 1
3: 2
3: 3
Mehrfach gestartete innere for-Schleife, mit Alternative
3: 3
3: 2
3: 1
2: 2
2: 1
1: 1
Ende
Definition einer lokalen Konstante
1.600000
Mehrfach gestartete Definition einer lokalen Konstante
3
2
1
while-Schleife ueber lokal definierte Konstante
3
2
1
for-Schleife mit Zuweisung an die Laufkonstante
10
10
8
8
6
6
4
4
2
6
4
4
2
2
