error (interpreter): file 13_Test_Set.cmpl line 34: Result of set operation is a not supported set
error (interpreter): file 13_Test_Set.cmpl line 34: Result of set operation is a not supported set
error (interpreter): file 13_Test_Set.cmpl line 34: Result of set operation is a not supported set
error (interpreter): file 13_Test_Set.cmpl line 34: Result of set operation is a not supported set
error (interpreter): file 13_Test_Set.cmpl line 34: Result of set operation is a not supported set
error (interpreter): file 13_Test_Set.cmpl line 34: Result of set operation is a not supported set
error (interpreter): file 13_Test_Set.cmpl line 34: Result of set operation is a not supported set
