Solution found
Optimal total weight : 47
Total sales: 630
x_1: 1
x_2: 1
x_3: 0
x_4: 1
x_5: 0
x_6: 0
x_7: 0
x_8: 0
x_9: 1
x_10: 1
