f'(xn):   -12.0000 xu: 0.0000 xo: 1.0000 xn: 0.5000 f(xn): 5.7812
f'(xn):    10.1250 xu: 0.5000 xo: 1.0000 xn: 0.7500 f(xn): 7.6948
f'(xn):     4.0898 xu: 0.7500 xo: 1.0000 xn: 0.8750 f(xn): 7.8439
f'(xn):    -2.1940 xu: 0.7500 xo: 0.8750 xn: 0.8125 f(xn): 7.8672
f'(xn):     1.3144 xu: 0.8125 xo: 0.8750 xn: 0.8438 f(xn): 7.8829
f'(xn):    -0.3397 xu: 0.8125 xo: 0.8438 xn: 0.8281 f(xn): 7.8815
f'(xn):     0.5113 xu: 0.8281 xo: 0.8438 xn: 0.8359 f(xn): 7.8839
Optimal solution found
x: 0.836
function value: 7.883868
