index 1: 6.000000
index 2: 22026.465795
index 3: 2.302585
index 4: 4.000000
index 5: 3.000000
index 6: 10
index 7: 0.598472
index 8: 0.153374
index 9: 0.800789
index 10: 1.470629
index 11: 0.411517
index 12: 0.832981
index 13: 11013.232875
index 14: 10.067662
index 15: 1.000000
index 16: 12.550000
index 17: 13.000000
index 18: -13.000000
index 19: 12.000000
