read matrix done
read vector done
x 200
a 200 200
