---------------------------------------------------------------------------------------------------------
General status:     normal
Problem :           22_diet.cmpl
SolverName          GLPK
Nr. of Solutions:   1
---------------------------------------------------------------------------------------------------------
Solution nr.:       1
Objective name :    cost
Objective value :   101.14 (min!)

Variables           
Nr. of variables:   8
Name                 Type            Activity         Lower Bound         Upper Bound            Marginal
---------------------------------------------------------------------------------------------------------
x[BEEF]                 I                   2                   2                  10                   -
x[CHK]                  I                   8                   2                  10                   -
x[FISH]                 I                   2                   2                  10                   -
x[HAM]                  I                   2                   2                  10                   -
x[MCH]                  I                  10                   2                  10                   -
x[MTL]                  I                  10                   2                  10                   -
x[SPG]                  I                  10                   2                  10                   -
x[TUR]                  I                   2                   2                  10                   -
---------------------------------------------------------------------------------------------------------

Constraints         
Nr. of constraints: 4
Name                 Type            Activity         Lower Bound         Upper Bound            Marginal
---------------------------------------------------------------------------------------------------------
A                       G                1500                 700            Infinity                   -
B1                      G                1330                 700            Infinity                   -
B2                      G                 860                 700            Infinity                   -
C                       G                 700                 700            Infinity                   -
---------------------------------------------------------------------------------------------------------
