---------------------------------------------------------------------------------------------------------
General status:     normal
Problem :           23_production-mix.cmpl
SolverName          COIN-OR cbc
Nr. of Solutions:   1
---------------------------------------------------------------------------------------------------------
Solution nr.:       1
Objective name :    profit
Objective value :   6395 (max!)

Variables           
Nr. of variables:   3
Name                 Type            Activity         Lower Bound         Upper Bound            Marginal
---------------------------------------------------------------------------------------------------------
x[1]                    I                  33                   0                 250                   -
x[2]                    I                  49                   0                 240                   -
x[3]                    I                   0                   0                 250                   -
---------------------------------------------------------------------------------------------------------

Constraints         
Nr. of constraints: 2
Name                 Type            Activity         Lower Bound         Upper Bound            Marginal
---------------------------------------------------------------------------------------------------------
res_1                   L                 999           -Infinity                1000                   -
res_2                   L                 985           -Infinity                1000                   -
---------------------------------------------------------------------------------------------------------
