                original model      modified model
Variables 
      x[1]            153.64            284.00
      x[2]            149.54            160.00
      x[3]              0.00              0.00
      x[4]            200.00            200.00
      x[5]              0.00              0.00
Constraints
    res[1]          20000.00          18744.00
    res[2]          19054.50          22080.00
    res[3]          10000.00          10000.00
    res[4]           9426.36          13020.00


Original coefficient matrix
    res[1]    8.00   64.00   40.00   46.00   63.00
    res[2]   20.00   40.00   35.00   50.00   70.00
    res[3]   30.00   20.00   56.00   12.00  112.00
    res[4]   25.00   32.00   28.00    4.00   48.00

Modified coefficient matrix
    res[1]    6.00   49.00   40.00   46.00   63.00
    res[2]   20.00   40.00   35.00   50.00   70.00
    res[3]   20.00   12.00   56.00   12.00  112.00
    res[4]   25.00   32.00   28.00    4.00   48.00
