fatal error (module precompile: run): file error: cannot open file for input: cmpl input file 'tsp-poland.mps'; at ()
