---------------------------------------------------------------------------------------------------------
Problem              transportation.cmpl
Nr. of variables     8
Nr. of constraints   7
Objective name       costs
Solver name          CBC
Display variables    nonZeroVariables (all)
Display constraints  nonZeroConstraints (all)
---------------------------------------------------------------------------------------------------------

Objective status     optimal
Objective value      36500.00            (min!)

Variables           
Name                 Type            Activity          LowerBound          UpperBound            Marginal
---------------------------------------------------------------------------------------------------------
x[1,1]                  C             2500.00                0.00                 inf                0.00
x[1,2]                  C             2500.00                0.00                 inf                0.00
x[2,2]                  C             1500.00                0.00                 inf                0.00
x[2,3]                  C             2000.00                0.00                 inf                0.00
x[2,4]                  C             2500.00                0.00                 inf                0.00
x[3,1]                  C             2500.00                0.00                 inf                0.00
---------------------------------------------------------------------------------------------------------

Constraints         
Name                 Type            Activity          LowerBound          UpperBound            Marginal
---------------------------------------------------------------------------------------------------------
supplies[1]             E             5000.00             5000.00             5000.00                3.00
supplies[2]             E             6000.00             6000.00             6000.00                6.00
supplies[3]             E             2500.00             2500.00             2500.00                2.00
demands[1]              L             5000.00                -inf             6000.00                0.00
demands[2]              L             4000.00                -inf             4000.00               -1.00
demands[3]              L             2000.00                -inf             2000.00               -4.00
demands[4]              L             2500.00                -inf             2500.00               -3.00
---------------------------------------------------------------------------------------------------------

